// Jest Snapshot v1, https://goo.gl/fbAQLP

exports[`DiskStorageWithChecksum should support checksum resume from fs 1`] = `
Object {
  "bytesWritten": 10,
  "contentType": "video/mp4",
  "createdAt": "2022-02-02T00:00:00.000Z",
  "expiredAt": "2022-02-02T01:00:00.000Z",
  "id": "f7d13faa74e2475f-e8fed598250d10ea-7f59007b4b7cf67-120941ca7dc37b78",
  "metadata": Object {
    "custom": "",
    "lastModified": 1635398061454,
    "mimeType": "video/mp4",
    "name": "testfile.mp4",
    "sha1": "ZAPAntzKARqtb+j3B529GAOf3kI=",
    "size": 64,
  },
  "name": "userId/testfile.mp4",
  "originalName": "testfile.mp4",
  "sha1": "87acec17cd9dcd20a716cc2cf67417b71c8a7016",
  "size": 64,
  "status": "part",
  "userId": "userId",
}
`;
